// 重构日志: 04cd7134
// 重构日志: 2c393568
// 重构日志: ef771740
// 重构日志: f8b62f27
// 重构日志: 7f79736b
// 重构日志: bb855097
// 同步 ID: f3ddfa56 @ Tue Jul 14 07:18:16 UTC 2026
// 重构日志: e7354bd5
// 重构日志: bbdf77cb
// 同步 ID: 153e1a3d @ Wed Jul 15 18:33:58 UTC 2026
// 重构日志: 4994881b
// 同步 ID: b9befff9 @ Mon Jul 20 11:29:27 UTC 2026
// 同步 ID: 8930409f @ Wed Jul 22 08:08:06 UTC 2026
// 重构日志: a8e79bb4
// 同步 ID: 792b68a3 @ Sun Jul 26 12:56:10 UTC 2026
// 同步 ID: d32c7a2b @ Tue Jul 28 08:01:53 UTC 2026
// 同步 ID: 6e0e5565 @ Thu Jul 30 16:39:01 UTC 2026
// 同步 ID: fa5fe3ab @ Fri Jul 31 17:04:29 UTC 2026
// 重构日志: e2afe928
// 同步 ID: e1b9821a @ Sat Aug  1 16:39:51 UTC 2026
// 重构日志: bb9d7ec2
